=== build:web ===
[WARN] Unsupported engine: wanted: {"node":">=24.15.0"} (current: {"node":"v24.14.1","pnpm":"11.21.0"})
$ vite build --config web/vite.config.ts
[36mvite v7.3.6 [32mbuilding client environment for production...[36m[39m
transforming...
[32m✓[39m 203 modules transformed.
rendering chunks...
computing gzip size...
[2m../dist/web/[22m[32mindex.html                 [39m[1m[2m  0.40 kB[22m[1m[22m[2m │ gzip:   0.28 kB[22m
[2m../dist/web/[22m[35massets/index-BnuhLJ6X.css  [39m[1m[2m 15.87 kB[22m[1m[22m[2m │ gzip:   2.67 kB[22m
[2m../dist/web/[22m[36massets/index-U87_Obu-.js   [39m[1m[33m535.42 kB[39m[22m[2m │ gzip: 163.26 kB[22m
[33m
(!) Some chunks are larger than 500 kB after minification. Consider:
- Using dynamic import() to code-split the application
- Use build.rollupOptions.output.manualChunks to improve chunking: https://rollupjs.org/configuration-options/#output-manualchunks
- Adjust chunk size limit for this warning via build.chunkSizeWarningLimit.[39m
[32m✓ built in 6.41s[39m
WEB_EXIT=0
=== playwright ===
(node:32944) ExperimentalWarning: SQLite is an experimental feature and might change at any time
(Use `node --trace-warnings ...` to show where the warning was created)

Running 36 tests using 1 worker

(node:24092) ExperimentalWarning: SQLite is an experimental feature and might change at any time
(Use `node --trace-warnings ...` to show where the warning was created)
  ok  1 e2e\boot-auth.spec.ts:27:1 › E2E-BOOT-01: an empty service loads honestly with no error churn (5.7s)
  ok  2 e2e\boot-auth.spec.ts:39:1 › E2E-AUTH-01: the token gate blocks, then a valid token admits (809ms)
  ok  3 e2e\boot-auth.spec.ts:58:1 › E2E-POLL-01: unchanged polling keeps the graph displayed without clearing (5.6s)
  ok  4 e2e\boot-auth.spec.ts:70:1 › E2E-POLL-02: UI pause and resume converge the visible scheduler state (854ms)
  ok  5 e2e\canvas.spec.ts:45:1 › E2E-CANVAS-01: add, rename and connect tasks land in the persisted doc (1.2s)
  ok  6 e2e\canvas.spec.ts:74:1 › E2E-CANVAS-02: deleting a connected, grouped node cleans every incidence (1.5s)
  ok  7 e2e\canvas.spec.ts:102:1 › E2E-CANVAS-03: drag into a subflow re-parents; dragging out returns to root (1.8s)
  ok  8 e2e\canvas.spec.ts:136:1 › E2E-CANVAS-04: an automatic layout moves only presentation, never semantics (813ms)
  ok  9 e2e\canvas.spec.ts:157:1 › E2E-CANVAS-05: export round-trips v3; importing a v2 draft upgrades with preserved keys (1.7s)
  ok 10 e2e\cli-smoke.spec.ts:15:1 › E2E-CLI-01: the built CLI serve starts on an ephemeral port, serves health + web, and shuts down (927ms)
  ok 11 e2e\external-assets.spec.ts:223:3 › G10-AE External Assets › E2E-AE-01: search returns ephemeral hits and mutates NOTHING (867ms)
  ok 12 e2e\external-assets.spec.ts:252:3 › G10-AE External Assets › E2E-AE-02: inspect is exact, and referencing links the project without copying content (1.1s)
  ok 13 e2e\external-assets.spec.ts:294:3 › G10-AE External Assets › E2E-AE-03: provider unavailable and a newer revision — the referenced digest never moves (934ms)
  ok 14 e2e\external-assets.spec.ts:342:3 › G10-AE External Assets › E2E-AE-04: an explicit import creates ONE local note with exact external provenance (1.1s)
  ok 15 e2e\external-assets.spec.ts:370:3 › G10-AE External Assets › E2E-AE-05: the publication preview shows the exact outbound payload, and approval publishes once (1.1s)
  ok 16 e2e\external-assets.spec.ts:413:3 › G10-AE External Assets › E2E-AE-06: with no approval port, publication is refused with ZERO external effect (829ms)
  ok 17 e2e\external-assets.spec.ts:435:3 › G10-AE External Assets › E2E-AE-07: the discovery route reports the bridge, and no other surface is invented (556ms)
  ok 18 e2e\graph-patch.spec.ts:72:1 › E2E-PATCH-01: a preview is shown first and apply is an explicit action (963ms)
  ok 19 e2e\graph-patch.spec.ts:109:1 › E2E-PATCH-02: an invalid semantic patch is refused with a visible diagnostic and no draft change (814ms)
  ok 20 e2e\graph-patch.spec.ts:127:1 › E2E-PATCH-03: a stale-anchored patch refuses instead of silently applying (871ms)
  ok 21 e2e\graph-patch.spec.ts:149:1 › E2E-PATCH-04: renaming through a patch preserves the stable node key (905ms)
  ok 22 e2e\graph-patch.spec.ts:172:1 › E2E-PATCH-05: a semantic-only patch preserves surviving positions and the visual group (1.7s)
  ok 23 e2e\graph-patch.spec.ts:217:1 › E2E-PATCH-06: a fresh node lands in a free grid cell without moving anything (801ms)
  ok 24 e2e\multigraph.spec.ts:113:3 › G10-O MultiGraph organizational debugger › E2E-O-01: typed species projections with honest knowledge and canonical refs (801ms)
  ok 25 e2e\multigraph.spec.ts:145:3 › G10-O MultiGraph organizational debugger › E2E-O-02: a pending reasoning candidate is not admitted, and the UI action goes through the same service (757ms)
  ok 26 e2e\multigraph.spec.ts:163:3 › G10-O MultiGraph organizational debugger › E2E-O-03: feature absence is honest (Work-only server has no advanced routes) (178ms)
  ok 27 e2e\project-workspace.spec.ts:274:3 › G10-V Project Workspace › E2E-PROJECT-01: project is the default landing and every tab shows derived state (1.4s)
  ok 28 e2e\project-workspace.spec.ts:371:3 › G10-V Project Workspace › E2E-PROJECT-02: the Proof Vault is reachable but secondary, and the debugger still exists (650ms)
  ok 29 e2e\project-workspace.spec.ts:394:3 › G10-V Project Workspace › E2E-PROJECT-03: the Monitor tab shows the preference and the runtime separately and never ticks (745ms)
  ok 30 e2e\project-workspace.spec.ts:473:3 › G10-V Project Workspace › E2E-PROJECT-04: the verification card names the protocol, never a generic verified badge (1.8s)
  ok 31 e2e\proof-vault.spec.ts:132:3 › G10-U Proof Vault › E2E-PROOF-01: import → evidence → standing/Why → STALE → disclosure preview → export → history (1.9s)
  ok 32 e2e\ready-set.spec.ts:19:1 › E2E-READY-SET-01: concurrency=2 runs two tasks simultaneously while the dependent stays blocked (862ms)
  ok 33 e2e\runtime-debugger.spec.ts:26:1 › E2E-RUNTIME-01/02: pause-step-resume drives real scheduler state through the UI (671ms)
  ok 34 e2e\runtime-debugger.spec.ts:42:1 › E2E-DEBUG-01: a hold is set and released on the same semantic task (726ms)
  ok 35 e2e\runtime-debugger.spec.ts:60:1 › E2E-RUNTIME-03: an in-flight attempt appears under its task as a satellite (633ms)
  ok 36 e2e\runtime-debugger.spec.ts:78:1 › E2E-RUNTIME-04: the trace toggle reveals and hides attempt timelines only (668ms)

  36 passed (58.6s)
PW_EXIT=0
